#-----------------------------------------------------------
# Vivado v2022.1 (64-bit)
# SW Build 3526262 on Mon Apr 18 15:47:01 MDT 2022
# IP Build 3524634 on Mon Apr 18 20:55:01 MDT 2022
# Start of session at: Sun Mar 16 00:54:19 2025
# Process ID: 10357
# Current directory: /home/ubuntu/Desktop/EESM6000C/eesm6000c_ronald/lab3
# Command line: vivado
# Log file: /home/ubuntu/Desktop/EESM6000C/eesm6000c_ronald/lab3/vivado.log
# Journal file: /home/ubuntu/Desktop/EESM6000C/eesm6000c_ronald/lab3/vivado.jou
# Running On: ubuntu2004, OS: Linux, CPU Frequency: 2918.412 MHz, CPU Physical cores: 2, Host memory: 10425 MB
#-----------------------------------------------------------
start_gui
open_project /home/ubuntu/Desktop/EESM6000C/eesm6000c_ronald/lab3/lab3_fir_filter/lab3_fir_filter.xpr
update_compile_order -fileset sources_1
close [ open /home/ubuntu/Desktop/EESM6000C/eesm6000c_ronald/lab3/lab3_fir_filter/lab3_fir_filter.srcs/sources_1/new/fifo_sync.v w ]
add_files /home/ubuntu/Desktop/EESM6000C/eesm6000c_ronald/lab3/lab3_fir_filter/lab3_fir_filter.srcs/sources_1/new/fifo_sync.v
update_compile_order -fileset sources_1
update_compile_order -fileset sources_1
update_compile_order -fileset sources_1
update_compile_order -fileset sources_1
update_compile_order -fileset sources_1
close [ open /home/ubuntu/Desktop/EESM6000C/eesm6000c_ronald/lab3/lab3_fir_filter/lab3_fir_filter.srcs/sources_1/new/FIR_CORE.v w ]
add_files /home/ubuntu/Desktop/EESM6000C/eesm6000c_ronald/lab3/lab3_fir_filter/lab3_fir_filter.srcs/sources_1/new/FIR_CORE.v
update_compile_order -fileset sources_1
update_compile_order -fileset sources_1
launch_simulation
launch_simulation
launch_simulation
launch_simulation
launch_simulation
source fir_tb.tcl
run all
close_sim
